{0, 1} {2, 3}
{0, 2} {1, 3}
{0, 3} {1, 2}

{0, 1} {2, 3}
{0, 2} {1, 3}
{0, 3} {1, 2}

{0, 1} {2, 3} {4, 5}
{0, 2} {1, 4} {3, 5}
{0, 3} {1, 5} {2, 4}
{0, 4} {1, 3} {2, 5}
{0, 5} {1, 2} {3, 4}

{0, 1} {2, 3} {4, 5}
{0, 2} {1, 5} {3, 4}
{0, 3} {1, 4} {2, 5}
{0, 4} {1, 2} {3, 5}
{0, 5} {1, 3} {2, 4}

{0, 1} {2, 3} {4, 5}
{0, 2} {1, 4} {3, 5}
{0, 3} {1, 5} {2, 4}
{0, 4} {1, 3} {2, 5}
{0, 5} {1, 2} {3, 4}

{0, 1, 2} {3, 4, 5} {6, 7, 8}
{0, 3, 6} {1, 4, 7} {2, 5, 8}
{0, 4, 8} {1, 5, 6} {2, 3, 7}
{0, 5, 7} {1, 3, 8} {2, 4, 6}

{0, 1, 2} {3, 4, 5} {6, 7, 8}
{0, 3, 6} {1, 4, 8} {2, 5, 7}
{0, 4, 7} {1, 5, 6} {2, 3, 8}
{0, 5, 8} {1, 3, 7} {2, 4, 6}

{0, 1, 2} {3, 4, 5} {6, 7, 8}
{0, 3, 6} {1, 5, 7} {2, 4, 8}
{0, 4, 7} {1, 3, 8} {2, 5, 6}
{0, 5, 8} {1, 4, 6} {2, 3, 7}

{0, 1, 2} {3, 4, 5} {6, 7, 8}
{0, 3, 6} {1, 5, 8} {2, 4, 7}
{0, 4, 8} {1, 3, 7} {2, 5, 6}
{0, 5, 7} {1, 4, 6} {2, 3, 8}

{0, 1, 2} {3, 4, 5} {6, 7, 8}
{0, 3, 7} {1, 4, 6} {2, 5, 8}
{0, 4, 8} {1, 5, 7} {2, 3, 6}
{0, 5, 6} {1, 3, 8} {2, 4, 7}

{0, 1, 2} {3, 4, 5} {6, 7, 8}
{0, 3, 7} {1, 4, 8} {2, 5, 6}
{0, 4, 6} {1, 5, 7} {2, 3, 8}
{0, 5, 8} {1, 3, 6} {2, 4, 7}

{0, 1, 2} {3, 4, 5} {6, 7, 8}
{0, 3, 7} {1, 5, 6} {2, 4, 8}
{0, 4, 6} {1, 3, 8} {2, 5, 7}
{0, 5, 8} {1, 4, 7} {2, 3, 6}

{0, 1, 2} {3, 4, 5} {6, 7, 8}
{0, 3, 7} {1, 5, 8} {2, 4, 6}
{0, 4, 8} {1, 3, 6} {2, 5, 7}
{0, 5, 6} {1, 4, 7} {2, 3, 8}

{0, 1, 2} {3, 4, 5} {6, 7, 8}
{0, 3, 8} {1, 4, 6} {2, 5, 7}
{0, 4, 7} {1, 5, 8} {2, 3, 6}
{0, 5, 6} {1, 3, 7} {2, 4, 8}

{0, 1, 2} {3, 4, 5} {6, 7, 8}
{0, 3, 8} {1, 4, 7} {2, 5, 6}
{0, 4, 6} {1, 5, 8} {2, 3, 7}
{0, 5, 7} {1, 3, 6} {2, 4, 8}

{0, 1, 2} {3, 4, 5} {6, 7, 8}
{0, 3, 8} {1, 5, 6} {2, 4, 7}
{0, 4, 6} {1, 3, 7} {2, 5, 8}
{0, 5, 7} {1, 4, 8} {2, 3, 6}

{0, 1, 2} {3, 4, 5} {6, 7, 8}
{0, 3, 8} {1, 5, 7} {2, 4, 6}
{0, 4, 7} {1, 3, 6} {2, 5, 8}
{0, 5, 6} {1, 4, 8} {2, 3, 7}

{0, 1, 2} {3, 4, 5} {6, 7, 8}
{0, 3, 6} {1, 4, 7} {2, 5, 8}
{0, 4, 8} {1, 5, 6} {2, 3, 7}
{0, 5, 7} {1, 3, 8} {2, 4, 6}

{0, 1} {2, 3} {4, 5} {6, 7}
{0, 2} {1, 3} {4, 6} {5, 7}
{0, 3} {1, 2} {4, 7} {5, 6}
{0, 4} {1, 5} {2, 6} {3, 7}
{0, 5} {1, 4} {2, 7} {3, 6}
{0, 6} {1, 7} {2, 4} {3, 5}
{0, 7} {1, 6} {2, 5} {3, 4}

{0, 1, 2, 3} {4, 5, 6, 7} {8, 9, 10, 11} {12, 13, 14, 15}
{0, 4, 8, 12} {1, 5, 9, 13} {2, 6, 10, 14} {3, 7, 11, 15}
{0, 5, 10, 15} {1, 4, 11, 14} {2, 7, 8, 13} {3, 6, 9, 12}
{0, 6, 11, 13} {1, 7, 10, 12} {2, 4, 9, 15} {3, 5, 8, 14}
{0, 7, 9, 14} {1, 6, 8, 15} {2, 5, 11, 12} {3, 4, 10, 13}

{0, 1} {2, 3} {4, 5} {6, 7} {8, 9}
{0, 2} {1, 3} {4, 6} {5, 8} {7, 9}
{0, 3} {1, 2} {4, 7} {5, 9} {6, 8}
{0, 4} {1, 5} {2, 6} {3, 9} {7, 8}
{0, 5} {1, 4} {2, 7} {3, 8} {6, 9}
{0, 6} {1, 7} {2, 8} {3, 5} {4, 9}
{0, 7} {1, 8} {2, 9} {3, 4} {5, 6}
{0, 8} {1, 9} {2, 4} {3, 6} {5, 7}
{0, 9} {1, 6} {2, 5} {3, 7} {4, 8}

{0, 1, 2, 3, 4} {5, 6, 7, 8, 9} {10, 11, 12, 13, 14} {15, 16, 17, 18, 19} {20, 21, 22, 23, 24}
{0, 5, 10, 15, 20} {1, 6, 11, 16, 21} {2, 7, 12, 17, 22} {3, 8, 13, 18, 23} {4, 9, 14, 19, 24}
{0, 6, 12, 18, 24} {1, 7, 13, 19, 20} {2, 8, 14, 15, 21} {3, 9, 10, 16, 22} {4, 5, 11, 17, 23}
{0, 7, 14, 16, 23} {1, 8, 10, 17, 24} {2, 9, 11, 18, 20} {3, 5, 12, 19, 21} {4, 6, 13, 15, 22}
{0, 8, 11, 19, 22} {1, 9, 12, 15, 23} {2, 5, 13, 16, 24} {3, 6, 14, 17, 20} {4, 7, 10, 18, 21}
{0, 9, 13, 17, 21} {1, 5, 14, 18, 22} {2, 6, 10, 19, 23} {3, 7, 11, 15, 24} {4, 8, 12, 16, 20}

{0, 1} {2, 3}
{0, 2} {1, 3}
{0, 3} {1, 2}
